// Jest Snapshot v1, https://goo.gl/fbAQLP

exports[`Footer should render 1`] = `
<div
  className="Footer"
>
  <div>
    <SocialIcon
      className="SocialIcon"
      url="https://www.instagram.com/megangoodling/"
    />
    <SocialIcon
      bgColor="#002366"
      className="SocialIcon"
      url="https://www.linkedin.com/in/megan-goodling/"
    />
    <SocialIcon
      bgColor="pink"
      className="SocialIcon"
      url="mailto:deb@empirerecords.biz"
    />
    <SocialIcon
      className="SocialIcon"
      network="vevo"
      url="https://venmo.com/code?user_id=1698737260855296202"
    />
    <SocialIcon
      bgColor="#b19cd9"
      className="SocialIcon"
      url="https://github.com/megangoodling"
    />
    <SocialIcon
      className="SocialIcon"
      url="https://snapchat.com/add/megangoodling"
    />
    <SocialIcon
      className="SocialIcon"
      url="https://open.spotify.com/user/mgoodling15"
    />
  </div>
</div>
`;
